239
0
97
1065353216
1072693248
1231
1237
true
true
